Archive member included to satisfy reference by file (symbol)

c:/ac6/systemworkbench/plugins/fr.ac6.mcu.externaltools.arm-none.win32_1.17.0.201812190825/tools/compiler/bin/../lib/gcc/arm-none-eabi/7.3.1/thumb/v7e-m/fpv4-sp/hard\libgcc.a(_aeabi_uldivmod.o)
                              Drivers/STM32F4xx_HAL_Driver/Src/stm32f4xx_hal_rcc.o (__aeabi_uldivmod)
c:/ac6/systemworkbench/plugins/fr.ac6.mcu.externaltools.arm-none.win32_1.17.0.201812190825/tools/compiler/bin/../lib/gcc/arm-none-eabi/7.3.1/thumb/v7e-m/fpv4-sp/hard\libgcc.a(_udivmoddi4.o)
                              c:/ac6/systemworkbench/plugins/fr.ac6.mcu.externaltools.arm-none.win32_1.17.0.201812190825/tools/compiler/bin/../lib/gcc/arm-none-eabi/7.3.1/thumb/v7e-m/fpv4-sp/hard\libgcc.a(_aeabi_uldivmod.o) (__udivmoddi4)
c:/ac6/systemworkbench/plugins/fr.ac6.mcu.externaltools.arm-none.win32_1.17.0.201812190825/tools/compiler/bin/../lib/gcc/arm-none-eabi/7.3.1/thumb/v7e-m/fpv4-sp/hard\libgcc.a(_dvmd_tls.o)
                              c:/ac6/systemworkbench/plugins/fr.ac6.mcu.externaltools.arm-none.win32_1.17.0.201812190825/tools/compiler/bin/../lib/gcc/arm-none-eabi/7.3.1/thumb/v7e-m/fpv4-sp/hard\libgcc.a(_aeabi_uldivmod.o) (__aeabi_ldiv0)
c:/ac6/systemworkbench/plugins/fr.ac6.mcu.externaltools.arm-none.win32_1.17.0.201812190825/tools/compiler/bin/../lib/gcc/arm-none-eabi/7.3.1/../../../../arm-none-eabi/lib/thumb/v7e-m/fpv4-sp/hard\libc_nano.a(lib_a-atoi.o)
                              Core/Src/main.o (atoi)
c:/ac6/systemworkbench/plugins/fr.ac6.mcu.externaltools.arm-none.win32_1.17.0.201812190825/tools/compiler/bin/../lib/gcc/arm-none-eabi/7.3.1/../../../../arm-none-eabi/lib/thumb/v7e-m/fpv4-sp/hard\libc_nano.a(lib_a-errno.o)
                              Core/Src/syscalls.o (__errno)
c:/ac6/systemworkbench/plugins/fr.ac6.mcu.externaltools.arm-none.win32_1.17.0.201812190825/tools/compiler/bin/../lib/gcc/arm-none-eabi/7.3.1/../../../../arm-none-eabi/lib/thumb/v7e-m/fpv4-sp/hard\libc_nano.a(lib_a-exit.o)
                              c:/ac6/systemworkbench/plugins/fr.ac6.mcu.externaltools.arm-none.win32_1.17.0.201812190825/tools/compiler/bin/../lib/gcc/arm-none-eabi/7.3.1/../../../../arm-none-eabi/lib/thumb/v7e-m/fpv4-sp/hard/crt0.o (exit)
c:/ac6/systemworkbench/plugins/fr.ac6.mcu.externaltools.arm-none.win32_1.17.0.201812190825/tools/compiler/bin/../lib/gcc/arm-none-eabi/7.3.1/../../../../arm-none-eabi/lib/thumb/v7e-m/fpv4-sp/hard\libc_nano.a(lib_a-impure.o)
                              c:/ac6/systemworkbench/plugins/fr.ac6.mcu.externaltools.arm-none.win32_1.17.0.201812190825/tools/compiler/bin/../lib/gcc/arm-none-eabi/7.3.1/../../../../arm-none-eabi/lib/thumb/v7e-m/fpv4-sp/hard\libc_nano.a(lib_a-exit.o) (_global_impure_ptr)
c:/ac6/systemworkbench/plugins/fr.ac6.mcu.externaltools.arm-none.win32_1.17.0.201812190825/tools/compiler/bin/../lib/gcc/arm-none-eabi/7.3.1/../../../../arm-none-eabi/lib/thumb/v7e-m/fpv4-sp/hard\libc_nano.a(lib_a-init.o)
                              c:/ac6/systemworkbench/plugins/fr.ac6.mcu.externaltools.arm-none.win32_1.17.0.201812190825/tools/compiler/bin/../lib/gcc/arm-none-eabi/7.3.1/../../../../arm-none-eabi/lib/thumb/v7e-m/fpv4-sp/hard/crt0.o (__libc_init_array)
c:/ac6/systemworkbench/plugins/fr.ac6.mcu.externaltools.arm-none.win32_1.17.0.201812190825/tools/compiler/bin/../lib/gcc/arm-none-eabi/7.3.1/../../../../arm-none-eabi/lib/thumb/v7e-m/fpv4-sp/hard\libc_nano.a(lib_a-memset.o)
                              c:/ac6/systemworkbench/plugins/fr.ac6.mcu.externaltools.arm-none.win32_1.17.0.201812190825/tools/compiler/bin/../lib/gcc/arm-none-eabi/7.3.1/../../../../arm-none-eabi/lib/thumb/v7e-m/fpv4-sp/hard/crt0.o (memset)
c:/ac6/systemworkbench/plugins/fr.ac6.mcu.externaltools.arm-none.win32_1.17.0.201812190825/tools/compiler/bin/../lib/gcc/arm-none-eabi/7.3.1/../../../../arm-none-eabi/lib/thumb/v7e-m/fpv4-sp/hard\libc_nano.a(lib_a-sprintf.o)
                              Core/Src/main.o (sprintf)
c:/ac6/systemworkbench/plugins/fr.ac6.mcu.externaltools.arm-none.win32_1.17.0.201812190825/tools/compiler/bin/../lib/gcc/arm-none-eabi/7.3.1/../../../../arm-none-eabi/lib/thumb/v7e-m/fpv4-sp/hard\libc_nano.a(lib_a-strtol.o)
                              c:/ac6/systemworkbench/plugins/fr.ac6.mcu.externaltools.arm-none.win32_1.17.0.201812190825/tools/compiler/bin/../lib/gcc/arm-none-eabi/7.3.1/../../../../arm-none-eabi/lib/thumb/v7e-m/fpv4-sp/hard\libc_nano.a(lib_a-atoi.o) (_strtol_r)
c:/ac6/systemworkbench/plugins/fr.ac6.mcu.externaltools.arm-none.win32_1.17.0.201812190825/tools/compiler/bin/../lib/gcc/arm-none-eabi/7.3.1/../../../../arm-none-eabi/lib/thumb/v7e-m/fpv4-sp/hard\libc_nano.a(lib_a-locale.o)
                              c:/ac6/systemworkbench/plugins/fr.ac6.mcu.externaltools.arm-none.win32_1.17.0.201812190825/tools/compiler/bin/../lib/gcc/arm-none-eabi/7.3.1/../../../../arm-none-eabi/lib/thumb/v7e-m/fpv4-sp/hard\libc_nano.a(lib_a-strtol.o) (__locale_ctype_ptr_l)
[...]
Memory Configuration

Name             Origin             Length             Attributes
RAM              0x20000000         0x00020000         xrw
CCMRAM           0x10000000         0x00010000         rw
FLASH            0x08000000         0x00100000         xr
*default*        0x00000000         0xffffffff

Linker script and memory map

LOAD c:/ac6/systemworkbench/plugins/fr.ac6.mcu.externaltools.arm-none.win32_1.17.0.201812190825/tools/compiler/bin/../lib/gcc/arm-none-eabi/7.3.1/thumb/v7e-m/fpv4-sp/hard/crti.o
LOAD c:/ac6/systemworkbench/plugins/fr.ac6.mcu.externaltools.arm-none.win32_1.17.0.201812190825/tools/compiler/bin/../lib/gcc/arm-none-eabi/7.3.1/thumb/v7e-m/fpv4-sp/hard/crtbegin.o
LOAD c:/ac6/systemworkbench/plugins/fr.ac6.mcu.externaltools.arm-none.win32_1.17.0.201812190825/tools/compiler/bin/../lib/gcc/arm-none-eabi/7.3.1/../../../../arm-none-eabi/lib/thumb/v7e-m/fpv4-sp/hard/crt0.o
LOAD Core/Src/fonts.o
LOAD Core/Src/gpio.o
LOAD Core/Src/i2c.o
LOAD Core/Src/main.o
LOAD Core/Src/oled.o
LOAD Core/Src/stm32f4xx_hal_msp.o
LOAD Core/Src/stm32f4xx_it.o
LOAD Core/Src/syscalls.o
LOAD Core/Src/system_stm32f4xx.o
LOAD Core/Src/usart.o
LOAD Drivers/STM32F4xx_HAL_Driver/Src/stm32f4xx_hal.o
LOAD Drivers/STM32F4xx_HAL_Driver/Src/stm32f4xx_hal_cortex.o
LOAD Drivers/STM32F4xx_HAL_Driver/Src/stm32f4xx_hal_dma.o
LOAD Drivers/STM32F4xx_HAL_Driver/Src/stm32f4xx_hal_dma_ex.o
LOAD Drivers/STM32F4xx_HAL_Driver/Src/stm32f4xx_hal_flash.o
LOAD Drivers/STM32F4xx_HAL_Driver/Src/stm32f4xx_hal_flash_ex.o
LOAD Drivers/STM32F4xx_HAL_Driver/Src/stm32f4xx_hal_flash_ramfunc.o
LOAD Drivers/STM32F4xx_HAL_Driver/Src/stm32f4xx_hal_gpio.o
LOAD Drivers/STM32F4xx_HAL_Driver/Src/stm32f4xx_hal_i2c.o
LOAD Drivers/STM32F4xx_HAL_Driver/Src/stm32f4xx_hal_i2c_ex.o
LOAD Drivers/STM32F4xx_HAL_Driver/Src/stm32f4xx_hal_pwr.o
LOAD Drivers/STM32F4xx_HAL_Driver/Src/stm32f4xx_hal_pwr_ex.o
LOAD Drivers/STM32F4xx_HAL_Driver/Src/stm32f4xx_hal_rcc.o
LOAD Drivers/STM32F4xx_HAL_Driver/Src/stm32f4xx_hal_rcc_ex.o
LOAD Drivers/STM32F4xx_HAL_Driver/Src/stm32f4xx_hal_tim.o
LOAD Drivers/STM32F4xx_HAL_Driver/Src/stm32f4xx_hal_tim_ex.o
LOAD Drivers/STM32F4xx_HAL_Driver/Src/stm32f4xx_hal_uart.o
LOAD startup/startup_stm32f407xx.o
LOAD c:/ac6/systemworkbench/plugins/fr.ac6.mcu.externaltools.arm-none.win32_1.17.0.201812190825/tools/compiler/bin/../lib/gcc/arm-none-eabi/7.3.1/../../../../arm-none-eabi/lib/thumb/v7e-m/fpv4-sp/hard\libm.a
START GROUP
LOAD c:/ac6/systemworkbench/plugins/fr.ac6.mcu.externaltools.arm-none.win32_1.17.0.201812190825/tools/compiler/bin/../lib/gcc/arm-none-eabi/7.3.1/thumb/v7e-m/fpv4-sp/hard\libgcc.a
LOAD c:/ac6/systemworkbench/plugins/fr.ac6.mcu.externaltools.arm-none.win32_1.17.0.201812190825/tools/compiler/bin/../lib/gcc/arm-none-eabi/7.3.1/../../../../arm-none-eabi/lib/thumb/v7e-m/fpv4-sp/hard\libc_nano.a
END GROUP
START GROUP
LOAD c:/ac6/systemworkbench/plugins/fr.ac6.mcu.externaltools.arm-none.win32_1.17.0.201812190825/tools/compiler/bin/../lib/gcc/arm-none-eabi/7.3.1/thumb/v7e-m/fpv4-sp/hard\libgcc.a
LOAD c:/ac6/systemworkbench/plugins/fr.ac6.mcu.externaltools.arm-none.win32_1.17.0.201812190825/tools/compiler/bin/../lib/gcc/arm-none-eabi/7.3.1/../../../../arm-none-eabi/lib/thumb/v7e-m/fpv4-sp/hard\libc_nano.a
LOAD c:/ac6/systemworkbench/plugins/fr.ac6.mcu.externaltools.arm-none.win32_1.17.0.201812190825/tools/compiler/bin/../lib/gcc/arm-none-eabi/7.3.1/../../../../arm-none-eabi/lib/thumb/v7e-m/fpv4-sp/hard\libnosys.a
END GROUP
START GROUP
LOAD c:/ac6/systemworkbench/plugins/fr.ac6.mcu.externaltools.arm-none.win32_1.17.0.201812190825/tools/compiler/bin/../lib/gcc/arm-none-eabi/7.3.1/thumb/v7e-m/fpv4-sp/hard\libgcc.a
LOAD c:/ac6/systemworkbench/plugins/fr.ac6.mcu.externaltools.arm-none.win32_1.17.0.201812190825/tools/compiler/bin/../lib/gcc/arm-none-eabi/7.3.1/../../../../arm-none-eabi/lib/thumb/v7e-m/fpv4-sp/hard\libc_nano.a
LOAD c:/ac6/systemworkbench/plugins/fr.ac6.mcu.externaltools.arm-none.win32_1.17.0.201812190825/tools/compiler/bin/../lib/gcc/arm-none-eabi/7.3.1/../../../../arm-none-eabi/lib/thumb/v7e-m/fpv4-sp/hard\libnosys.a
END GROUP
LOAD c:/ac6/systemworkbench/plugins/fr.ac6.mcu.externaltools.arm-none.win32_1.17.0.201812190825/tools/compiler/bin/../lib/gcc/arm-none-eabi/7.3.1/thumb/v7e-m/fpv4-sp/hard/crtend.o
LOAD c:/ac6/systemworkbench/plugins/fr.ac6.mcu.externaltools.arm-none.win32_1.17.0.201812190825/tools/compiler/bin/../lib/gcc/arm-none-eabi/7.3.1/thumb/v7e-m/fpv4-sp/hard/crtn.o
                0x20020000                _estack = 0x20020000
                0x00000200                _Min_Heap_Size = 0x200
                0x00000400                _Min_Stack_Size = 0x400

.isr_vector     0x08000000      0x188
                0x08000000                . = ALIGN (0x4)
 *(.isr_vector)
 .isr_vector    0x08000000      0x188 startup/startup_stm32f407xx.o
                0x08000000                g_pfnVectors
                0x08000188                . = ALIGN (0x4)

.text           0x08000190     0x2954
                0x08000190                . = ALIGN (0x4)
 *(.text)
 .text          0x08000190       0x40 c:/ac6/systemworkbench/plugins/fr.ac6.mcu.externaltools.arm-none.win32_1.17.0.201812190825/tools/compiler/bin/../lib/gcc/arm-none-eabi/7.3.1/thumb/v7e-m/fpv4-sp/hard/crtbegin.o
 .text          0x080001d0       0x30 c:/ac6/systemworkbench/plugins/fr.ac6.mcu.externaltools.arm-none.win32_1.17.0.201812190825/tools/compiler/bin/../lib/gcc/arm-none-eabi/7.3.1/thumb/v7e-m/fpv4-sp/hard\libgcc.a(_aeabi_uldivmod.o)
                0x080001d0                __aeabi_uldivmod
 .text          0x08000200      0x2cc c:/ac6/systemworkbench/plugins/fr.ac6.mcu.externaltools.arm-none.win32_1.17.0.201812190825/tools/compiler/bin/../lib/gcc/arm-none-eabi/7.3.1/thumb/v7e-m/fpv4-sp/hard\libgcc.a(_udivmoddi4.o)
                0x08000200                __udivmoddi4
 .text          0x080004cc        0x4 c:/ac6/systemworkbench/plugins/fr.ac6.mcu.externaltools.arm-none.win32_1.17.0.201812190825/tools/compiler/bin/../lib/gcc/arm-none-eabi/7.3.1/thumb/v7e-m/fpv4-sp/hard\libgcc.a(_dvmd_tls.o)
                0x080004cc                __aeabi_idiv0
                0x080004cc                __aeabi_ldiv0
 .text          0x080004d0       0xa0 c:/ac6/systemworkbench/plugins/fr.ac6.mcu.externaltools.arm-none.win32_1.17.0.201812190825/tools/compiler/bin/../lib/gcc/arm-none-eabi/7.3.1/../../../../arm-none-eabi/lib/thumb/v7e-m/fpv4-sp/hard\libc_nano.a(lib_a-memchr.o)
                0x080004d0                memchr
 *(.text*)
 .text.MX_GPIO_Init
                0x08000570       0x6c Core/Src/gpio.o
                0x08000570                MX_GPIO_Init
 .text.MX_I2C1_Init
                0x080005dc       0x3c Core/Src/i2c.o
                0x080005dc                MX_I2C1_Init
 .text.HAL_I2C_MspInit
                0x08000618       0x74 Core/Src/i2c.o
                0x08000618                HAL_I2C_MspInit
 .text.printResult
                0x0800068c       0x80 Core/Src/main.o
                0x0800068c                printResult
 .text.SystemClock_Config
                0x0800070c       0x9c Core/Src/main.o
                0x0800070c                SystemClock_Config
 .text.main     0x080007a8       0xe0 Core/Src/main.o
                0x080007a8                main
 .text.Error_Handler
                0x08000888        0x2 Core/Src/main.o
                0x08000888                Error_Handler
 *fill*         0x0800088a        0x2 
 .text.oled_WriteCommand
                0x0800088c       0x28 Core/Src/oled.o
 .text.oled_Fill
                0x080008b4       0x20 Core/Src/oled.o
                0x080008b4                oled_Fill
 .text.oled_UpdateScreen
                0x080008d4       0x50 Core/Src/oled.o
                0x080008d4                oled_UpdateScreen
 .text.oled_Init
                0x08000924       0xd4 Core/Src/oled.o
                0x08000924                oled_Init
 .text.oled_DrawPixel
                0x080009f8       0x54 Core/Src/oled.o
                0x080009f8                oled_DrawPixel
 .text.oled_WriteChar
                0x08000a4c       0xb4 Core/Src/oled.o
                0x08000a4c                oled_WriteChar
 .text.oled_WriteString
                0x08000b00       0x30 Core/Src/oled.o
                0x08000b00                oled_WriteString
 .text.oled_SetCursor
                0x08000b30       0x10 Core/Src/oled.o
                0x08000b30                oled_SetCursor
 .text.HAL_MspInit
                0x08000b40       0x38 Core/Src/stm32f4xx_hal_msp.o
                0x08000b40                HAL_MspInit
 .text.NMI_Handler
                0x08000b78        0x2 Core/Src/stm32f4xx_it.o
                0x08000b78                NMI_Handler
 .text.HardFault_Handler
                0x08000b7a        0x2 Core/Src/stm32f4xx_it.o
                0x08000b7a                HardFault_Handler
 .text.MemManage_Handler
                0x08000b7c        0x2 Core/Src/stm32f4xx_it.o
                0x08000b7c                MemManage_Handler
 .text.BusFault_Handler
                0x08000b7e        0x2 Core/Src/stm32f4xx_it.o
                0x08000b7e                BusFault_Handler
 .text.UsageFault_Handler
                0x08000b80        0x2 Core/Src/stm32f4xx_it.o
                0x08000b80                UsageFault_Handler
 .text.SVC_Handler
                0x08000b82        0x2 Core/Src/stm32f4xx_it.o
                0x08000b82                SVC_Handler
 .text.DebugMon_Handler
                0x08000b84        0x2 Core/Src/stm32f4xx_it.o
                0x08000b84                DebugMon_Handler
 .text.PendSV_Handler
                0x08000b86        0x2 Core/Src/stm32f4xx_it.o
                0x08000b86                PendSV_Handler
 .text.SysTick_Handler
                0x08000b88        0x8 Core/Src/stm32f4xx_it.o
                0x08000b88                SysTick_Handler
 .text._sbrk    0x08000b90       0x3c Core/Src/syscalls.o
                0x08000b90                _sbrk
 .text.SystemInit
                0x08000bcc       0x4c Core/Src/system_stm32f4xx.o
                0x08000bcc                SystemInit
 .text.MX_USART1_UART_Init
                0x08000c18       0x34 Core/Src/usart.o
                0x08000c18                MX_USART1_UART_Init
 .text.HAL_UART_MspInit
                0x08000c4c       0x78 Core/Src/usart.o
                0x08000c4c                HAL_UART_MspInit
 .text.HAL_InitTick
                0x08000cc4       0x48 Drivers/STM32F4xx_HAL_Driver/Src/stm32f4xx_hal.o
                0x08000cc4                HAL_InitTick
 .text.HAL_Init
                0x08000d0c       0x34 Drivers/STM32F4xx_HAL_Driver/Src/stm32f4xx_hal.o
                0x08000d0c                HAL_Init
 .text.HAL_IncTick
                0x08000d40       0x18 Drivers/STM32F4xx_HAL_Driver/Src/stm32f4xx_hal.o
                0x08000d40                HAL_IncTick
 .text.HAL_GetTick
                0x08000d58        0xc Drivers/STM32F4xx_HAL_Driver/Src/stm32f4xx_hal.o
                0x08000d58                HAL_GetTick
 .text.HAL_Delay
                0x08000d64       0x28 Drivers/STM32F4xx_HAL_Driver/Src/stm32f4xx_hal.o
                0x08000d64                HAL_Delay
 .text.HAL_NVIC_SetPriorityGrouping
                0x08000d8c       0x24 Drivers/STM32F4xx_HAL_Driver/Src/stm32f4xx_hal_cortex.o
                0x08000d8c                HAL_NVIC_SetPriorityGrouping
 .text.HAL_NVIC_SetPriority
                0x08000db0       0x68 Drivers/STM32F4xx_HAL_Driver/Src/stm32f4xx_hal_cortex.o
                0x08000db0                HAL_NVIC_SetPriority
 .text.HAL_SYSTICK_Config
                0x08000e18       0x2c Drivers/STM32F4xx_HAL_Driver/Src/stm32f4xx_hal_cortex.o
                0x08000e18                HAL_SYSTICK_Config
 .text.HAL_GPIO_Init
                0x08000e44      0x1c8 Drivers/STM32F4xx_HAL_Driver/Src/stm32f4xx_hal_gpio.o
                0x08000e44                HAL_GPIO_Init
 .text.I2C_IsAcknowledgeFailed
                0x0800100c       0x2a Drivers/STM32F4xx_HAL_Driver/Src/stm32f4xx_hal_i2c.o
 .text.I2C_WaitOnFlagUntilTimeout
                0x08001036       0x68 Drivers/STM32F4xx_HAL_Driver/Src/stm32f4xx_hal_i2c.o
 .text.I2C_WaitOnMasterAddressFlagUntilTimeout
                0x0800109e       0x90 Drivers/STM32F4xx_HAL_Driver/Src/stm32f4xx_hal_i2c.o
 .text.I2C_WaitOnTXEFlagUntilTimeout
                0x0800112e       0x4e Drivers/STM32F4xx_HAL_Driver/Src/stm32f4xx_hal_i2c.o
 .text.I2C_RequestMemoryWrite
                0x0800117c       0xd8 Drivers/STM32F4xx_HAL_Driver/Src/stm32f4xx_hal_i2c.o
 .text.I2C_WaitOnBTFFlagUntilTimeout
                0x08001254       0x4e Drivers/STM32F4xx_HAL_Driver/Src/stm32f4xx_hal_i2c.o
 *fill*         0x080012a2        0x2 
 .text.HAL_I2C_Init
                0x080012a4      0x11c Drivers/STM32F4xx_HAL_Driver/Src/stm32f4xx_hal_i2c.o
                0x080012a4                HAL_I2C_Init
 .text.HAL_I2C_Mem_Write
                0x080013c0      0x17c Drivers/STM32F4xx_HAL_Driver/Src/stm32f4xx_hal_i2c.o
                0x080013c0                HAL_I2C_Mem_Write
 .text.HAL_RCC_OscConfig
                0x0800153c      0x398 Drivers/STM32F4xx_HAL_Driver/Src/stm32f4xx_hal_rcc.o
                0x0800153c                HAL_RCC_OscConfig
 .text.HAL_RCC_MCOConfig
                0x080018d4       0x9c Drivers/STM32F4xx_HAL_Driver/Src/stm32f4xx_hal_rcc.o
                0x080018d4                HAL_RCC_MCOConfig
 .text.HAL_RCC_GetSysClockFreq
                0x08001970       0xa8 Drivers/STM32F4xx_HAL_Driver/Src/stm32f4xx_hal_rcc.o
                0x08001970                HAL_RCC_GetSysClockFreq
 .text.HAL_RCC_ClockConfig
                0x08001a18      0x158 Drivers/STM32F4xx_HAL_Driver/Src/stm32f4xx_hal_rcc.o
                0x08001a18                HAL_RCC_ClockConfig
 .text.HAL_RCC_GetHCLKFreq
                0x08001b70        0xc Drivers/STM32F4xx_HAL_Driver/Src/stm32f4xx_hal_rcc.o
                0x08001b70                HAL_RCC_GetHCLKFreq
 .text.HAL_RCC_GetPCLK1Freq
                0x08001b7c       0x20 Drivers/STM32F4xx_HAL_Driver/Src/stm32f4xx_hal_rcc.o
                0x08001b7c                HAL_RCC_GetPCLK1Freq
 .text.HAL_RCC_GetPCLK2Freq
                0x08001b9c       0x20 Drivers/STM32F4xx_HAL_Driver/Src/stm32f4xx_hal_rcc.o
                0x08001b9c                HAL_RCC_GetPCLK2Freq
 .text.UART_SetConfig
                0x08001bbc      0x334 Drivers/STM32F4xx_HAL_Driver/Src/stm32f4xx_hal_uart.o
 .text.UART_WaitOnFlagUntilTimeout
                0x08001ef0       0x62 Drivers/STM32F4xx_HAL_Driver/Src/stm32f4xx_hal_uart.o
 .text.HAL_UART_Init
                0x08001f52       0x5e Drivers/STM32F4xx_HAL_Driver/Src/stm32f4xx_hal_uart.o
                0x08001f52                HAL_UART_Init
 .text.HAL_UART_Receive
                0x08001fb0       0xe4 Drivers/STM32F4xx_HAL_Driver/Src/stm32f4xx_hal_uart.o
                0x08001fb0                HAL_UART_Receive
 .text.Reset_Handler
                0x08002094       0x50 startup/startup_stm32f407xx.o
                0x08002094                Reset_Handler
 .text.Default_Handler
                0x080020e4        0x2 startup/startup_stm32f407xx.o
                0x080020e4                RTC_Alarm_IRQHandler
                0x080020e4                HASH_RNG_IRQHandler
                0x080020e4                EXTI2_IRQHandler
                0x080020e4                TIM8_CC_IRQHandler
                0x080020e4                TIM1_CC_IRQHandler
                0x080020e4                DMA2_Stream5_IRQHandler
                0x080020e4                DMA1_Stream5_IRQHandler
                0x080020e4                PVD_IRQHandler
                0x080020e4                SDIO_IRQHandler
                0x080020e4                TAMP_STAMP_IRQHandler
                0x080020e4                CAN2_RX1_IRQHandler
                0x080020e4                EXTI3_IRQHandler
                0x080020e4                TIM8_TRG_COM_TIM14_IRQHandler
                0x080020e4                TIM1_UP_TIM10_IRQHandler
                0x080020e4                TIM8_UP_TIM13_IRQHandler
                0x080020e4                I2C3_ER_IRQHandler
                0x080020e4                EXTI0_IRQHandler
                0x080020e4                I2C2_EV_IRQHandler
                0x080020e4                DMA1_Stream2_IRQHandler
                0x080020e4                CAN1_RX0_IRQHandler
                0x080020e4                FPU_IRQHandler
                0x080020e4                OTG_HS_WKUP_IRQHandler
                0x080020e4                CAN2_SCE_IRQHandler
                0x080020e4                DMA2_Stream2_IRQHandler
                0x080020e4                SPI1_IRQHandler
                0x080020e4                TIM6_DAC_IRQHandler
                0x080020e4                TIM1_BRK_TIM9_IRQHandler
                0x080020e4                DCMI_IRQHandler
                0x080020e4                CAN2_RX0_IRQHandler
                0x080020e4                DMA2_Stream3_IRQHandler
                0x080020e4                USART6_IRQHandler
                0x080020e4                USART3_IRQHandler
                0x080020e4                CAN1_RX1_IRQHandler
                0x080020e4                UART5_IRQHandler
                0x080020e4                DMA2_Stream0_IRQHandler
                0x080020e4                TIM4_IRQHandler
                0x080020e4                I2C1_EV_IRQHandler
                0x080020e4                DMA1_Stream6_IRQHandler
                0x080020e4                DMA1_Stream1_IRQHandler
                0x080020e4                UART4_IRQHandler
                0x080020e4                TIM3_IRQHandler
                0x080020e4                RCC_IRQHandler
                0x080020e4                TIM8_BRK_TIM12_IRQHandler
                0x080020e4                Default_Handler
                0x080020e4                EXTI15_10_IRQHandler
                0x080020e4                ADC_IRQHandler
                0x080020e4                DMA1_Stream7_IRQHandler
                0x080020e4                TIM7_IRQHandler
                0x080020e4                CAN2_TX_IRQHandler
                0x080020e4                TIM5_IRQHandler
                0x080020e4                DMA2_Stream7_IRQHandler
                0x080020e4                I2C3_EV_IRQHandler
                0x080020e4                EXTI9_5_IRQHandler
                0x080020e4                RTC_WKUP_IRQHandler
                0x080020e4                ETH_WKUP_IRQHandler
                0x080020e4                SPI2_IRQHandler
                0x080020e4                OTG_HS_EP1_IN_IRQHandler
                0x080020e4                DMA1_Stream0_IRQHandler
                0x080020e4                CAN1_TX_IRQHandler
                0x080020e4                EXTI4_IRQHandler
                0x080020e4                FSMC_IRQHandler
                0x080020e4                ETH_IRQHandler
                0x080020e4                OTG_HS_EP1_OUT_IRQHandler
                0x080020e4                WWDG_IRQHandler
                0x080020e4                TIM2_IRQHandler
                0x080020e4                OTG_FS_WKUP_IRQHandler
                0x080020e4                TIM1_TRG_COM_TIM11_IRQHandler
                0x080020e4                OTG_HS_IRQHandler
                0x080020e4                EXTI1_IRQHandler
                0x080020e4                USART2_IRQHandler
                0x080020e4                I2C2_ER_IRQHandler
                0x080020e4                DMA2_Stream1_IRQHandler
                0x080020e4                CAN1_SCE_IRQHandler
                0x080020e4                FLASH_IRQHandler
                0x080020e4                DMA2_Stream4_IRQHandler
                0x080020e4                USART1_IRQHandler
                0x080020e4                OTG_FS_IRQHandler
                0x080020e4                SPI3_IRQHandler
                0x080020e4                DMA1_Stream4_IRQHandler
                0x080020e4                I2C1_ER_IRQHandler
                0x080020e4                DMA2_Stream6_IRQHandler
                0x080020e4                DMA1_Stream3_IRQHandler
 .text.atoi     0x080020e6        0x8 c:/ac6/systemworkbench/plugins/fr.ac6.mcu.externaltools.arm-none.win32_1.17.0.201812190825/tools/compiler/bin/../lib/gcc/arm-none-eabi/7.3.1/../../../../arm-none-eabi/lib/thumb/v7e-m/fpv4-sp/hard\libc_nano.a(lib_a-atoi.o)
                0x080020e6                atoi
 *fill*         0x080020ee        0x2 
 .text.__errno  0x080020f0        0xc c:/ac6/systemworkbench/plugins/fr.ac6.mcu.externaltools.arm-none.win32_1.17.0.201812190825/tools/compiler/bin/../lib/gcc/arm-none-eabi/7.3.1/../../../../arm-none-eabi/lib/thumb/v7e-m/fpv4-sp/hard\libc_nano.a(lib_a-errno.o)
                0x080020f0                __errno
 .text.__libc_init_array
                0x080020fc       0x48 c:/ac6/systemworkbench/plugins/fr.ac6.mcu.externaltools.arm-none.win32_1.17.0.201812190825/tools/compiler/bin/../lib/gcc/arm-none-eabi/7.3.1/../../../../arm-none-eabi/lib/thumb/v7e-m/fpv4-sp/hard\libc_nano.a(lib_a-init.o)
                0x080020fc                __libc_init_array
 .text.memset   0x08002144       0x10 c:/ac6/systemworkbench/plugins/fr.ac6.mcu.externaltools.arm-none.win32_1.17.0.201812190825/tools/compiler/bin/../lib/gcc/arm-none-eabi/7.3.1/../../../../arm-none-eabi/lib/thumb/v7e-m/fpv4-sp/hard\libc_nano.a(lib_a-memset.o)
                0x08002144                memset
 .text.sprintf  0x08002154       0x40 c:/ac6/systemworkbench/plugins/fr.ac6.mcu.externaltools.arm-none.win32_1.17.0.201812190825/tools/compiler/bin/../lib/gcc/arm-none-eabi/7.3.1/../../../../arm-none-eabi/lib/thumb/v7e-m/fpv4-sp/hard\libc_nano.a(lib_a-sprintf.o)
                0x08002154                siprintf
                0x08002154                sprintf
 .text._strtol_l.isra.0
                0x08002194       0xf6 c:/ac6/systemworkbench/plugins/fr.ac6.mcu.externaltools.arm-none.win32_1.17.0.201812190825/tools/compiler/bin/../lib/gcc/arm-none-eabi/7.3.1/../../../../arm-none-eabi/lib/thumb/v7e-m/fpv4-sp/hard\libc_nano.a(lib_a-strtol.o)
 *fill*         0x0800228a        0x2 
 .text.strtol   0x0800228c       0x2c c:/ac6/systemworkbench/plugins/fr.ac6.mcu.externaltools.arm-none.win32_1.17.0.201812190825/tools/compiler/bin/../lib/gcc/arm-none-eabi/7.3.1/../../../../arm-none-eabi/lib/thumb/v7e-m/fpv4-sp/hard\libc_nano.a(lib_a-strtol.o)
                0x0800228c                strtol
 .text.__locale_ctype_ptr_l
                0x080022b8        0x6 c:/ac6/systemworkbench/plugins/fr.ac6.mcu.externaltools.arm-none.win32_1.17.0.201812190825/tools/compiler/bin/../lib/gcc/arm-none-eabi/7.3.1/../../../../arm-none-eabi/lib/thumb/v7e-m/fpv4-sp/hard\libc_nano.a(lib_a-locale.o)
                0x080022b8                __locale_ctype_ptr_l
 .text.__ascii_mbtowc
                0x080022be       0x24 c:/ac6/systemworkbench/plugins/fr.ac6.mcu.externaltools.arm-none.win32_1.17.0.201812190825/tools/compiler/bin/../lib/gcc/arm-none-eabi/7.3.1/../../../../arm-none-eabi/lib/thumb/v7e-m/fpv4-sp/hard\libc_nano.a(lib_a-mbtowc_r.o)
                0x080022be                __ascii_mbtowc
 .text.__ssputs_r
                0x080022e2       0xb4 c:/ac6/systemworkbench/plugins/fr.ac6.mcu.externaltools.arm-none.win32_1.17.0.201812190825/tools/compiler/bin/../lib/gcc/arm-none-eabi/7.3.1/../../../../arm-none-eabi/lib/thumb/v7e-m/fpv4-sp/hard\libc_nano.a(lib_a-nano-svfprintf.o)
                0x080022e2                __ssputs_r
 *fill*         0x08002396        0x2 
 .text._svfprintf_r
                0x08002398      0x1f0 c:/ac6/systemworkbench/plugins/fr.ac6.mcu.externaltools.arm-none.win32_1.17.0.201812190825/tools/compiler/bin/../lib/gcc/arm-none-eabi/7.3.1/../../../../arm-none-eabi/lib/thumb/v7e-m/fpv4-sp/hard\libc_nano.a(lib_a-nano-svfprintf.o)
                0x08002398                _svfiprintf_r
                0x08002398                _svfprintf_r
 .text._printf_common
                0x08002588       0xea c:/ac6/systemworkbench/plugins/fr.ac6.mcu.externaltools.arm-none.win32_1.17.0.201812190825/tools/compiler/bin/../lib/gcc/arm-none-eabi/7.3.1/../../../../arm-none-eabi/lib/thumb/v7e-m/fpv4-sp/hard\libc_nano.a(lib_a-nano-vfprintf_i.o)
                0x08002588                _printf_common
 *fill*         0x08002672        0x2 
 .text._printf_i
                0x08002674      0x224 c:/ac6/systemworkbench/plugins/fr.ac6.mcu.externaltools.arm-none.win32_1.17.0.201812190825/tools/compiler/bin/../lib/gcc/arm-none-eabi/7.3.1/../../../../arm-none-eabi/lib/thumb/v7e-m/fpv4-sp/hard\libc_nano.a(lib_a-nano-vfprintf_i.o)
                0x08002674                _printf_i
 .text.__ascii_wctomb
                0x08002898       0x1a c:/ac6/systemworkbench/plugins/fr.ac6.mcu.externaltools.arm-none.win32_1.17.0.201812190825/tools/compiler/bin/../lib/gcc/arm-none-eabi/7.3.1/../../../../arm-none-eabi/lib/thumb/v7e-m/fpv4-sp/hard\libc_nano.a(lib_a-wctomb_r.o)
                0x08002898                __ascii_wctomb
 .text.memcpy   0x080028b2       0x16 c:/ac6/systemworkbench/plugins/fr.ac6.mcu.externaltools.arm-none.win32_1.17.0.201812190825/tools/compiler/bin/../lib/gcc/arm-none-eabi/7.3.1/../../../../arm-none-eabi/lib/thumb/v7e-m/fpv4-sp/hard\libc_nano.a(lib_a-memcpy-stub.o)
                0x080028b2                memcpy
 .text.memmove  0x080028c8       0x32 c:/ac6/systemworkbench/plugins/fr.ac6.mcu.externaltools.arm-none.win32_1.17.0.201812190825/tools/compiler/bin/../lib/gcc/arm-none-eabi/7.3.1/../../../../arm-none-eabi/lib/thumb/v7e-m/fpv4-sp/hard\libc_nano.a(lib_a-memmove.o)
                0x080028c8                memmove
 *fill*         0x080028fa        0x2 
 .text._free_r  0x080028fc       0x9c c:/ac6/systemworkbench/plugins/fr.ac6.mcu.externaltools.arm-none.win32_1.17.0.201812190825/tools/compiler/bin/../lib/gcc/arm-none-eabi/7.3.1/../../../../arm-none-eabi/lib/thumb/v7e-m/fpv4-sp/hard\libc_nano.a(lib_a-nano-freer.o)
                0x080028fc                _free_r
 .text._malloc_r
                0x08002998       0xb4 c:/ac6/systemworkbench/plugins/fr.ac6.mcu.externaltools.arm-none.win32_1.17.0.201812190825/tools/compiler/bin/../lib/gcc/arm-none-eabi/7.3.1/../../../../arm-none-eabi/lib/thumb/v7e-m/fpv4-sp/hard\libc_nano.a(lib_a-nano-mallocr.o)
                0x08002998                _malloc_r
 .text._realloc_r
                0x08002a4c       0x4c c:/ac6/systemworkbench/plugins/fr.ac6.mcu.externaltools.arm-none.win32_1.17.0.201812190825/tools/compiler/bin/../lib/gcc/arm-none-eabi/7.3.1/../../../../arm-none-eabi/lib/thumb/v7e-m/fpv4-sp/hard\libc_nano.a(lib_a-nano-reallocr.o)
                0x08002a4c                _realloc_r
 .text._sbrk_r  0x08002a98       0x20 c:/ac6/systemworkbench/plugins/fr.ac6.mcu.externaltools.arm-none.win32_1.17.0.201812190825/tools/compiler/bin/../lib/gcc/arm-none-eabi/7.3.1/../../../../arm-none-eabi/lib/thumb/v7e-m/fpv4-sp/hard\libc_nano.a(lib_a-sbrkr.o)
                0x08002a98                _sbrk_r
 .text.__malloc_lock
                0x08002ab8        0x2 c:/ac6/systemworkbench/plugins/fr.ac6.mcu.externaltools.arm-none.win32_1.17.0.201812190825/tools/compiler/bin/../lib/gcc/arm-none-eabi/7.3.1/../../../../arm-none-eabi/lib/thumb/v7e-m/fpv4-sp/hard\libc_nano.a(lib_a-mlock.o)
                0x08002ab8                __malloc_lock
 .text.__malloc_unlock
                0x08002aba        0x2 c:/ac6/systemworkbench/plugins/fr.ac6.mcu.externaltools.arm-none.win32_1.17.0.201812190825/tools/compiler/bin/../lib/gcc/arm-none-eabi/7.3.1/../../../../arm-none-eabi/lib/thumb/v7e-m/fpv4-sp/hard\libc_nano.a(lib_a-mlock.o)
                0x08002aba                __malloc_unlock
 .text._malloc_usable_size_r
                0x08002abc       0x10 c:/ac6/systemworkbench/plugins/fr.ac6.mcu.externaltools.arm-none.win32_1.17.0.201812190825/tools/compiler/bin/../lib/gcc/arm-none-eabi/7.3.1/../../../../arm-none-eabi/lib/thumb/v7e-m/fpv4-sp/hard\libc_nano.a(lib_a-nano-msizer.o)
                0x08002abc                _malloc_usable_size_r
 *(.glue_7)
 .glue_7        0x08002acc        0x0 linker stubs
 *(.glue_7t)
 .glue_7t       0x08002acc        0x0 linker stubs
 *(.eh_frame)
 .eh_frame      0x08002acc        0x0 c:/ac6/systemworkbench/plugins/fr.ac6.mcu.externaltools.arm-none.win32_1.17.0.201812190825/tools/compiler/bin/../lib/gcc/arm-none-eabi/7.3.1/thumb/v7e-m/fpv4-sp/hard/crtbegin.o
 *(.init)
 .init          0x08002acc        0x4 c:/ac6/systemworkbench/plugins/fr.ac6.mcu.externaltools.arm-none.win32_1.17.0.201812190825/tools/compiler/bin/../lib/gcc/arm-none-eabi/7.3.1/thumb/v7e-m/fpv4-sp/hard/crti.o
                0x08002acc                _init
 .init          0x08002ad0        0x8 c:/ac6/systemworkbench/plugins/fr.ac6.mcu.externaltools.arm-none.win32_1.17.0.201812190825/tools/compiler/bin/../lib/gcc/arm-none-eabi/7.3.1/thumb/v7e-m/fpv4-sp/hard/crtn.o
 *(.fini)
 .fini          0x08002ad8        0x4 c:/ac6/systemworkbench/plugins/fr.ac6.mcu.externaltools.arm-none.win32_1.17.0.201812190825/tools/compiler/bin/../lib/gcc/arm-none-eabi/7.3.1/thumb/v7e-m/fpv4-sp/hard/crti.o
                0x08002ad8                _fini
 .fini          0x08002adc        0x8 c:/ac6/systemworkbench/plugins/fr.ac6.mcu.externaltools.arm-none.win32_1.17.0.201812190825/tools/compiler/bin/../lib/gcc/arm-none-eabi/7.3.1/thumb/v7e-m/fpv4-sp/hard/crtn.o
                0x08002ae4                . = ALIGN (0x4)
                0x08002ae4                _etext = .

.vfp11_veneer   0x08002ae4        0x0
 .vfp11_veneer  0x08002ae4        0x0 linker stubs

.v4_bx          0x08002ae4        0x0
 .v4_bx         0x08002ae4        0x0 linker stubs

.iplt           0x08002ae4        0x0
 .iplt          0x08002ae4        0x0 c:/ac6/systemworkbench/plugins/fr.ac6.mcu.externaltools.arm-none.win32_1.17.0.201812190825/tools/compiler/bin/../lib/gcc/arm-none-eabi/7.3.1/thumb/v7e-m/fpv4-sp/hard/crtbegin.o

.rodata         0x08002ae4     0x2970
                0x08002ae4                . = ALIGN (0x4)
 *(.rodata)
 .rodata        0x08002ae4     0x2814 Core/Src/fonts.o
 .rodata        0x080052f8       0x18 Core/Src/system_stm32f4xx.o
                0x080052f8                AHBPrescTable
                0x08005308                APBPrescTable
 *(.rodata*)
 .rodata.str1.4
                0x08005310        0x4 Core/Src/main.o
                                  0x3 (size before relaxing)
 .rodata._setlocale_r.str1.1
                0x08005314        0x8 c:/ac6/systemworkbench/plugins/fr.ac6.mcu.externaltools.arm-none.win32_1.17.0.201812190825/tools/compiler/bin/../lib/gcc/arm-none-eabi/7.3.1/../../../../arm-none-eabi/lib/thumb/v7e-m/fpv4-sp/hard\libc_nano.a(lib_a-locale.o)
                                  0x9 (size before relaxing)
 .rodata.str1.1
                0x0800531c        0x2 c:/ac6/systemworkbench/plugins/fr.ac6.mcu.externaltools.arm-none.win32_1.17.0.201812190825/tools/compiler/bin/../lib/gcc/arm-none-eabi/7.3.1/../../../../arm-none-eabi/lib/thumb/v7e-m/fpv4-sp/hard\libc_nano.a(lib_a-locale.o)
 .rodata._svfprintf_r.str1.1
                0x0800531e       0x11 c:/ac6/systemworkbench/plugins/fr.ac6.mcu.externaltools.arm-none.win32_1.17.0.201812190825/tools/compiler/bin/../lib/gcc/arm-none-eabi/7.3.1/../../../../arm-none-eabi/lib/thumb/v7e-m/fpv4-sp/hard\libc_nano.a(lib_a-nano-svfprintf.o)
 .rodata._printf_i.str1.1
                0x0800532f       0x22 c:/ac6/systemworkbench/plugins/fr.ac6.mcu.externaltools.arm-none.win32_1.17.0.201812190825/tools/compiler/bin/../lib/gcc/arm-none-eabi/7.3.1/../../../../arm-none-eabi/lib/thumb/v7e-m/fpv4-sp/hard\libc_nano.a(lib_a-nano-vfprintf_i.o)
 .rodata._ctype_
                0x08005351      0x101 c:/ac6/systemworkbench/plugins/fr.ac6.mcu.externaltools.arm-none.win32_1.17.0.201812190825/tools/compiler/bin/../lib/gcc/arm-none-eabi/7.3.1/../../../../arm-none-eabi/lib/thumb/v7e-m/fpv4-sp/hard\libc_nano.a(lib_a-ctype_.o)
                0x08005351                _ctype_
                0x08005454                . = ALIGN (0x4)
 *fill*         0x08005452        0x2 

.ARM.extab
 *(.ARM.extab* .gnu.linkonce.armextab.*)

.ARM            0x08005454        0x8
                0x08005454                __exidx_start = .
 *(.ARM.exidx*)
 .ARM.exidx     0x08005454        0x8 c:/ac6/systemworkbench/plugins/fr.ac6.mcu.externaltools.arm-none.win32_1.17.0.201812190825/tools/compiler/bin/../lib/gcc/arm-none-eabi/7.3.1/thumb/v7e-m/fpv4-sp/hard\libgcc.a(_udivmoddi4.o)
                0x0800545c                __exidx_end = .

.rel.dyn        0x0800545c        0x0
 .rel.iplt      0x0800545c        0x0 c:/ac6/systemworkbench/plugins/fr.ac6.mcu.externaltools.arm-none.win32_1.17.0.201812190825/tools/compiler/bin/../lib/gcc/arm-none-eabi/7.3.1/thumb/v7e-m/fpv4-sp/hard/crtbegin.o

.preinit_array  0x0800545c        0x0
                0x0800545c                PROVIDE (__preinit_array_start = .)
 *(.preinit_array*)
                0x0800545c                PROVIDE (__preinit_array_end = .)

.init_array     0x0800545c        0x4
                0x0800545c                PROVIDE (__init_array_start = .)
 *(SORT_BY_NAME(.init_array.*))
 *(.init_array*)
 .init_array    0x0800545c        0x4 c:/ac6/systemworkbench/plugins/fr.ac6.mcu.externaltools.arm-none.win32_1.17.0.201812190825/tools/compiler/bin/../lib/gcc/arm-none-eabi/7.3.1/thumb/v7e-m/fpv4-sp/hard/crtbegin.o
                0x08005460                PROVIDE (__init_array_end = .)

.fini_array     0x08005460        0x4
                [!provide]                PROVIDE (__fini_array_start = .)
 *(SORT_BY_NAME(.fini_array.*))
 *(.fini_array*)
 .fini_array    0x08005460        0x4 c:/ac6/systemworkbench/plugins/fr.ac6.mcu.externaltools.arm-none.win32_1.17.0.201812190825/tools/compiler/bin/../lib/gcc/arm-none-eabi/7.3.1/thumb/v7e-m/fpv4-sp/hard/crtbegin.o
                [!provide]                PROVIDE (__fini_array_end = .)
                0x08005464                _sidata = LOADADDR (.data)

.data           0x20000000      0x1f8 load address 0x08005464
                0x20000000                . = ALIGN (0x4)
                0x20000000                _sdata = .
 *(.data)
 .data          0x20000000       0x18 Core/Src/fonts.o
                0x20000000                Font_16x26
                0x20000008                Font_11x18
                0x20000010                Font_7x10
 .data          0x20000018        0x4 Core/Src/main.o
                0x20000018                op_ordinal
 .data          0x2000001c        0x4 Core/Src/system_stm32f4xx.o
                0x2000001c                SystemCoreClock
 .data          0x20000020        0x8 Drivers/STM32F4xx_HAL_Driver/Src/stm32f4xx_hal.o
                0x20000020                uwTickFreq
                0x20000024                uwTickPrio
 *(.data*)
 .data._impure_ptr
                0x20000028        0x4 c:/ac6/systemworkbench/plugins/fr.ac6.mcu.externaltools.arm-none.win32_1.17.0.201812190825/tools/compiler/bin/../lib/gcc/arm-none-eabi/7.3.1/../../../../arm-none-eabi/lib/thumb/v7e-m/fpv4-sp/hard\libc_nano.a(lib_a-impure.o)
                0x20000028                _impure_ptr
 .data.impure_data
                0x2000002c       0x60 c:/ac6/systemworkbench/plugins/fr.ac6.mcu.externaltools.arm-none.win32_1.17.0.201812190825/tools/compiler/bin/../lib/gcc/arm-none-eabi/7.3.1/../../../../arm-none-eabi/lib/thumb/v7e-m/fpv4-sp/hard\libc_nano.a(lib_a-impure.o)
 .data.__global_locale
                0x2000008c      0x16c c:/ac6/systemworkbench/plugins/fr.ac6.mcu.externaltools.arm-none.win32_1.17.0.201812190825/tools/compiler/bin/../lib/gcc/arm-none-eabi/7.3.1/../../../../arm-none-eabi/lib/thumb/v7e-m/fpv4-sp/hard\libc_nano.a(lib_a-locale.o)
                0x2000008c                __global_locale
                0x200001f8                . = ALIGN (0x4)
                0x200001f8                _edata = .
                0x0800565c                _siccmram = LOADADDR (.ccmram)

.igot.plt       0x200001f8        0x0 load address 0x0800565c
 .igot.plt      0x200001f8        0x0 c:/ac6/systemworkbench/plugins/fr.ac6.mcu.externaltools.arm-none.win32_1.17.0.201812190825/tools/compiler/bin/../lib/gcc/arm-none-eabi/7.3.1/thumb/v7e-m/fpv4-sp/hard/crtbegin.o

.ccmram         0x10000000        0x0 load address 0x0800565c
                0x10000000                . = ALIGN (0x4)
                0x10000000                _sccmram = .
 *(.ccmram)
 *(.ccmram*)
                0x10000000                . = ALIGN (0x4)
                0x10000000                _eccmram = .
                0x10000000                . = ALIGN (0x4)

.bss            0x200001f8      0x4ec
                0x200001f8                _sbss = .
                0x200001f8                __bss_start__ = _sbss
 *(.bss)
 .bss           0x200001f8       0x1c c:/ac6/systemworkbench/plugins/fr.ac6.mcu.externaltools.arm-none.win32_1.17.0.201812190825/tools/compiler/bin/../lib/gcc/arm-none-eabi/7.3.1/thumb/v7e-m/fpv4-sp/hard/crtbegin.o
 .bss           0x20000214      0x406 Core/Src/oled.o
 *fill*         0x2000061a        0x2 
 .bss           0x2000061c        0x8 Core/Src/syscalls.o
                0x20000620                __env
 *(.bss*)
 .bss.__malloc_free_list
                0x20000624        0x4 c:/ac6/systemworkbench/plugins/fr.ac6.mcu.externaltools.arm-none.win32_1.17.0.201812190825/tools/compiler/bin/../lib/gcc/arm-none-eabi/7.3.1/../../../../arm-none-eabi/lib/thumb/v7e-m/fpv4-sp/hard\libc_nano.a(lib_a-nano-mallocr.o)
                0x20000624                __malloc_free_list
 .bss.__malloc_sbrk_start
                0x20000628        0x4 c:/ac6/systemworkbench/plugins/fr.ac6.mcu.externaltools.arm-none.win32_1.17.0.201812190825/tools/compiler/bin/../lib/gcc/arm-none-eabi/7.3.1/../../../../arm-none-eabi/lib/thumb/v7e-m/fpv4-sp/hard\libc_nano.a(lib_a-nano-mallocr.o)
                0x20000628                __malloc_sbrk_start
 *(COMMON)
 COMMON         0x2000062c       0x54 Core/Src/i2c.o
                0x2000062c                hi2c1
 COMMON         0x20000680       0x1c Core/Src/main.o
                0x20000680                second
                0x2000068c                count
                0x20000690                first
                0x2000069b                operator
 COMMON         0x2000069c       0x40 Core/Src/usart.o
                0x2000069c                huart1
 COMMON         0x200006dc        0x4 Drivers/STM32F4xx_HAL_Driver/Src/stm32f4xx_hal.o
                0x200006dc                uwTick
 COMMON         0x200006e0        0x4 c:/ac6/systemworkbench/plugins/fr.ac6.mcu.externaltools.arm-none.win32_1.17.0.201812190825/tools/compiler/bin/../lib/gcc/arm-none-eabi/7.3.1/../../../../arm-none-eabi/lib/thumb/v7e-m/fpv4-sp/hard\libc_nano.a(lib_a-reent.o)
                0x200006e0                errno
                0x200006e4                . = ALIGN (0x4)
                0x200006e4                _ebss = .
                0x200006e4                __bss_end__ = _ebss

._user_heap_stack
                0x200006e4      0x604
                0x200006e8                . = ALIGN (0x8)
 *fill*         0x200006e4        0x4 
                0x200006e8                PROVIDE (end = .)
                [!provide]                PROVIDE (_end = .)
                0x200008e8                . = (. + _Min_Heap_Size)
 *fill*         0x200006e8      0x200 
                0x20000ce8                . = (. + _Min_Stack_Size)
 *fill*         0x200008e8      0x400 
                0x20000ce8                . = ALIGN (0x8)

/DISCARD/
 libc.a(*)
 libm.a(*)
 libgcc.a(*)

.ARM.attributes
                0x00000000       0x30
 *(.ARM.attributes)
 .ARM.attributes
                0x00000000       0x22 c:/ac6/systemworkbench/plugins/fr.ac6.mcu.externaltools.arm-none.win32_1.17.0.201812190825/tools/compiler/bin/../lib/gcc/arm-none-eabi/7.3.1/thumb/v7e-m/fpv4-sp/hard/crti.o
 .ARM.attributes
                0x00000022       0x34 c:/ac6/systemworkbench/plugins/fr.ac6.mcu.externaltools.arm-none.win32_1.17.0.201812190825/tools/compiler/bin/../lib/gcc/arm-none-eabi/7.3.1/thumb/v7e-m/fpv4-sp/hard/crtbegin.o
 .ARM.attributes
                0x00000056       0x39 Core/Src/fonts.o
 .ARM.attributes
                0x0000008f       0x39 Core/Src/gpio.o
 .ARM.attributes
                0x000000c8       0x39 Core/Src/i2c.o
 .ARM.attributes
                0x00000101       0x39 Core/Src/main.o
 .ARM.attributes
                0x0000013a       0x39 Core/Src/oled.o
 .ARM.attributes
                0x00000173       0x39 Core/Src/stm32f4xx_hal_msp.o
 .ARM.attributes
                0x000001ac       0x39 Core/Src/stm32f4xx_it.o
 .ARM.attributes
                0x000001e5       0x39 Core/Src/syscalls.o
 .ARM.attributes
                0x0000021e       0x39 Core/Src/system_stm32f4xx.o
 .ARM.attributes
                0x00000257       0x39 Core/Src/usart.o
 .ARM.attributes
                0x00000290       0x39 Drivers/STM32F4xx_HAL_Driver/Src/stm32f4xx_hal.o
 .ARM.attributes
                0x000002c9       0x39 Drivers/STM32F4xx_HAL_Driver/Src/stm32f4xx_hal_cortex.o
 .ARM.attributes
                0x00000302       0x39 Drivers/STM32F4xx_HAL_Driver/Src/stm32f4xx_hal_gpio.o
 .ARM.attributes
                0x0000033b       0x39 Drivers/STM32F4xx_HAL_Driver/Src/stm32f4xx_hal_i2c.o
 .ARM.attributes
                0x00000374       0x39 Drivers/STM32F4xx_HAL_Driver/Src/stm32f4xx_hal_rcc.o
 .ARM.attributes
                0x000003ad       0x39 Drivers/STM32F4xx_HAL_Driver/Src/stm32f4xx_hal_uart.o
 .ARM.attributes
                0x000003e6       0x21 startup/startup_stm32f407xx.o
 .ARM.attributes
                0x00000407       0x22 c:/ac6/systemworkbench/plugins/fr.ac6.mcu.externaltools.arm-none.win32_1.17.0.201812190825/tools/compiler/bin/../lib/gcc/arm-none-eabi/7.3.1/thumb/v7e-m/fpv4-sp/hard\libgcc.a(_aeabi_uldivmod.o)
 .ARM.attributes
                0x00000429       0x34 c:/ac6/systemworkbench/plugins/fr.ac6.mcu.externaltools.arm-none.win32_1.17.0.201812190825/tools/compiler/bin/../lib/gcc/arm-none-eabi/7.3.1/thumb/v7e-m/fpv4-sp/hard\libgcc.a(_udivmoddi4.o)
 .ARM.attributes
                0x0000045d       0x22 c:/ac6/systemworkbench/plugins/fr.ac6.mcu.externaltools.arm-none.win32_1.17.0.201812190825/tools/compiler/bin/../lib/gcc/arm-none-eabi/7.3.1/thumb/v7e-m/fpv4-sp/hard\libgcc.a(_dvmd_tls.o)
 .ARM.attributes
                0x0000047f       0x34 c:/ac6/systemworkbench/plugins/fr.ac6.mcu.externaltools.arm-none.win32_1.17.0.201812190825/tools/compiler/bin/../lib/gcc/arm-none-eabi/7.3.1/../../../../arm-none-eabi/lib/thumb/v7e-m/fpv4-sp/hard\libc_nano.a(lib_a-atoi.o)
 .ARM.attributes
                0x000004b3       0x34 c:/ac6/systemworkbench/plugins/fr.ac6.mcu.externaltools.arm-none.win32_1.17.0.201812190825/tools/compiler/bin/../lib/gcc/arm-none-eabi/7.3.1/../../../../arm-none-eabi/lib/thumb/v7e-m/fpv4-sp/hard\libc_nano.a(lib_a-errno.o)
 .ARM.attributes
                0x000004e7       0x34 c:/ac6/systemworkbench/plugins/fr.ac6.mcu.externaltools.arm-none.win32_1.17.0.201812190825/tools/compiler/bin/../lib/gcc/arm-none-eabi/7.3.1/../../../../arm-none-eabi/lib/thumb/v7e-m/fpv4-sp/hard\libc_nano.a(lib_a-impure.o)
 .ARM.attributes
                0x0000051b       0x34 c:/ac6/systemworkbench/plugins/fr.ac6.mcu.externaltools.arm-none.win32_1.17.0.201812190825/tools/compiler/bin/../lib/gcc/arm-none-eabi/7.3.1/../../../../arm-none-eabi/lib/thumb/v7e-m/fpv4-sp/hard\libc_nano.a(lib_a-init.o)
 .ARM.attributes
                0x0000054f       0x34 c:/ac6/systemworkbench/plugins/fr.ac6.mcu.externaltools.arm-none.win32_1.17.0.201812190825/tools/compiler/bin/../lib/gcc/arm-none-eabi/7.3.1/../../../../arm-none-eabi/lib/thumb/v7e-m/fpv4-sp/hard\libc_nano.a(lib_a-memset.o)
 .ARM.attributes
                0x00000583       0x34 c:/ac6/systemworkbench/plugins/fr.ac6.mcu.externaltools.arm-none.win32_1.17.0.201812190825/tools/compiler/bin/../lib/gcc/arm-none-eabi/7.3.1/../../../../arm-none-eabi/lib/thumb/v7e-m/fpv4-sp/hard\libc_nano.a(lib_a-sprintf.o)
 .ARM.attributes
                0x000005b7       0x34 c:/ac6/systemworkbench/plugins/fr.ac6.mcu.externaltools.arm-none.win32_1.17.0.201812190825/tools/compiler/bin/../lib/gcc/arm-none-eabi/7.3.1/../../../../arm-none-eabi/lib/thumb/v7e-m/fpv4-sp/hard\libc_nano.a(lib_a-strtol.o)
 .ARM.attributes
                0x000005eb       0x34 c:/ac6/systemworkbench/plugins/fr.ac6.mcu.externaltools.arm-none.win32_1.17.0.201812190825/tools/compiler/bin/../lib/gcc/arm-none-eabi/7.3.1/../../../../arm-none-eabi/lib/thumb/v7e-m/fpv4-sp/hard\libc_nano.a(lib_a-locale.o)
 .ARM.attributes
                0x0000061f       0x34 c:/ac6/systemworkbench/plugins/fr.ac6.mcu.externaltools.arm-none.win32_1.17.0.201812190825/tools/compiler/bin/../lib/gcc/arm-none-eabi/7.3.1/../../../../arm-none-eabi/lib/thumb/v7e-m/fpv4-sp/hard\libc_nano.a(lib_a-mbtowc_r.o)
 .ARM.attributes
                0x00000653       0x34 c:/ac6/systemworkbench/plugins/fr.ac6.mcu.externaltools.arm-none.win32_1.17.0.201812190825/tools/compiler/bin/../lib/gcc/arm-none-eabi/7.3.1/../../../../arm-none-eabi/lib/thumb/v7e-m/fpv4-sp/hard\libc_nano.a(lib_a-nano-svfprintf.o)
 .ARM.attributes
                0x00000687       0x34 c:/ac6/systemworkbench/plugins/fr.ac6.mcu.externaltools.arm-none.win32_1.17.0.201812190825/tools/compiler/bin/../lib/gcc/arm-none-eabi/7.3.1/../../../../arm-none-eabi/lib/thumb/v7e-m/fpv4-sp/hard\libc_nano.a(lib_a-nano-vfprintf_i.o)
 .ARM.attributes
                0x000006bb       0x34 c:/ac6/systemworkbench/plugins/fr.ac6.mcu.externaltools.arm-none.win32_1.17.0.201812190825/tools/compiler/bin/../lib/gcc/arm-none-eabi/7.3.1/../../../../arm-none-eabi/lib/thumb/v7e-m/fpv4-sp/hard\libc_nano.a(lib_a-wctomb_r.o)
 .ARM.attributes
                0x000006ef       0x34 c:/ac6/systemworkbench/plugins/fr.ac6.mcu.externaltools.arm-none.win32_1.17.0.201812190825/tools/compiler/bin/../lib/gcc/arm-none-eabi/7.3.1/../../../../arm-none-eabi/lib/thumb/v7e-m/fpv4-sp/hard\libc_nano.a(lib_a-ctype_.o)
 .ARM.attributes
                0x00000723       0x20 c:/ac6/systemworkbench/plugins/fr.ac6.mcu.externaltools.arm-none.win32_1.17.0.201812190825/tools/compiler/bin/../lib/gcc/arm-none-eabi/7.3.1/../../../../arm-none-eabi/lib/thumb/v7e-m/fpv4-sp/hard\libc_nano.a(lib_a-memchr.o)
 .ARM.attributes
                0x00000743       0x34 c:/ac6/systemworkbench/plugins/fr.ac6.mcu.externaltools.arm-none.win32_1.17.0.201812190825/tools/compiler/bin/../lib/gcc/arm-none-eabi/7.3.1/../../../../arm-none-eabi/lib/thumb/v7e-m/fpv4-sp/hard\libc_nano.a(lib_a-memcpy-stub.o)
 .ARM.attributes
                0x00000777       0x34 c:/ac6/systemworkbench/plugins/fr.ac6.mcu.externaltools.arm-none.win32_1.17.0.201812190825/tools/compiler/bin/../lib/gcc/arm-none-eabi/7.3.1/../../../../arm-none-eabi/lib/thumb/v7e-m/fpv4-sp/hard\libc_nano.a(lib_a-memmove.o)
 .ARM.attributes
                0x000007ab       0x34 c:/ac6/systemworkbench/plugins/fr.ac6.mcu.externaltools.arm-none.win32_1.17.0.201812190825/tools/compiler/bin/../lib/gcc/arm-none-eabi/7.3.1/../../../../arm-none-eabi/lib/thumb/v7e-m/fpv4-sp/hard\libc_nano.a(lib_a-nano-freer.o)
 .ARM.attributes
                0x000007df       0x34 c:/ac6/systemworkbench/plugins/fr.ac6.mcu.externaltools.arm-none.win32_1.17.0.201812190825/tools/compiler/bin/../lib/gcc/arm-none-eabi/7.3.1/../../../../arm-none-eabi/lib/thumb/v7e-m/fpv4-sp/hard\libc_nano.a(lib_a-nano-mallocr.o)
 .ARM.attributes
                0x00000813       0x34 c:/ac6/systemworkbench/plugins/fr.ac6.mcu.externaltools.arm-none.win32_1.17.0.201812190825/tools/compiler/bin/../lib/gcc/arm-none-eabi/7.3.1/../../../../arm-none-eabi/lib/thumb/v7e-m/fpv4-sp/hard\libc_nano.a(lib_a-nano-reallocr.o)
 .ARM.attributes
                0x00000847       0x34 c:/ac6/systemworkbench/plugins/fr.ac6.mcu.externaltools.arm-none.win32_1.17.0.201812190825/tools/compiler/bin/../lib/gcc/arm-none-eabi/7.3.1/../../../../arm-none-eabi/lib/thumb/v7e-m/fpv4-sp/hard\libc_nano.a(lib_a-sbrkr.o)
 .ARM.attributes
                0x0000087b       0x34 c:/ac6/systemworkbench/plugins/fr.ac6.mcu.externaltools.arm-none.win32_1.17.0.201812190825/tools/compiler/bin/../lib/gcc/arm-none-eabi/7.3.1/../../../../arm-none-eabi/lib/thumb/v7e-m/fpv4-sp/hard\libc_nano.a(lib_a-mlock.o)
 .ARM.attributes
                0x000008af       0x34 c:/ac6/systemworkbench/plugins/fr.ac6.mcu.externaltools.arm-none.win32_1.17.0.201812190825/tools/compiler/bin/../lib/gcc/arm-none-eabi/7.3.1/../../../../arm-none-eabi/lib/thumb/v7e-m/fpv4-sp/hard\libc_nano.a(lib_a-nano-msizer.o)
 .ARM.attributes
                0x000008e3       0x34 c:/ac6/systemworkbench/plugins/fr.ac6.mcu.externaltools.arm-none.win32_1.17.0.201812190825/tools/compiler/bin/../lib/gcc/arm-none-eabi/7.3.1/../../../../arm-none-eabi/lib/thumb/v7e-m/fpv4-sp/hard\libc_nano.a(lib_a-reent.o)
 .ARM.attributes
                0x00000917       0x22 c:/ac6/systemworkbench/plugins/fr.ac6.mcu.externaltools.arm-none.win32_1.17.0.201812190825/tools/compiler/bin/../lib/gcc/arm-none-eabi/7.3.1/thumb/v7e-m/fpv4-sp/hard/crtn.o
OUTPUT(SDK_OLED.elf elf32-littlearm)

.debug_info     0x00000000    0x139a5
 .debug_info    0x00000000      0xa4d Core/Src/fonts.o
 .debug_info    0x00000a4d      0xc8e Core/Src/gpio.o
 .debug_info    0x000016db     0x1232 Core/Src/i2c.o
 .debug_info    0x0000290d     0x1777 Core/Src/main.o
 .debug_info    0x00004084     0x1434 Core/Src/oled.o
 .debug_info    0x000054b8      0xb32 Core/Src/stm32f4xx_hal_msp.o
 .debug_info    0x00005fea      0x9ee Core/Src/stm32f4xx_it.o
 .debug_info    0x000069d8      0xfd3 Core/Src/syscalls.o
 .debug_info    0x000079ab      0xd29 Core/Src/system_stm32f4xx.o
 .debug_info    0x000086d4     0x119f Core/Src/usart.o
 .debug_info    0x00009873     0x11d9 Drivers/STM32F4xx_HAL_Driver/Src/stm32f4xx_hal.o
 .debug_info    0x0000aa4c     0x1755 Drivers/STM32F4xx_HAL_Driver/Src/stm32f4xx_hal_cortex.o
 .debug_info    0x0000c1a1      0xf93 Drivers/STM32F4xx_HAL_Driver/Src/stm32f4xx_hal_gpio.o
 .debug_info    0x0000d134     0x36da Drivers/STM32F4xx_HAL_Driver/Src/stm32f4xx_hal_i2c.o
 .debug_info    0x0001080e     0x125b Drivers/STM32F4xx_HAL_Driver/Src/stm32f4xx_hal_rcc.o
 .debug_info    0x00011a69     0x1f1a Drivers/STM32F4xx_HAL_Driver/Src/stm32f4xx_hal_uart.o
 .debug_info    0x00013983       0x22 startup/startup_stm32f407xx.o

.debug_abbrev   0x00000000     0x29a4
 .debug_abbrev  0x00000000      0x1ba Core/Src/fonts.o
 .debug_abbrev  0x000001ba      0x204 Core/Src/gpio.o
 .debug_abbrev  0x000003be      0x263 Core/Src/i2c.o
 .debug_abbrev  0x00000621      0x2d3 Core/Src/main.o
 .debug_abbrev  0x000008f4      0x2c4 Core/Src/oled.o
 .debug_abbrev  0x00000bb8      0x1e3 Core/Src/stm32f4xx_hal_msp.o
 .debug_abbrev  0x00000d9b      0x1e7 Core/Src/stm32f4xx_it.o
 .debug_abbrev  0x00000f82      0x2d4 Core/Src/syscalls.o
 .debug_abbrev  0x00001256      0x205 Core/Src/system_stm32f4xx.o
 .debug_abbrev  0x0000145b      0x263 Core/Src/usart.o
 .debug_abbrev  0x000016be      0x2e5 Drivers/STM32F4xx_HAL_Driver/Src/stm32f4xx_hal.o
 .debug_abbrev  0x000019a3      0x3d6 Drivers/STM32F4xx_HAL_Driver/Src/stm32f4xx_hal_cortex.o
 .debug_abbrev  0x00001d79      0x2a7 Drivers/STM32F4xx_HAL_Driver/Src/stm32f4xx_hal_gpio.o
 .debug_abbrev  0x00002020      0x2fb Drivers/STM32F4xx_HAL_Driver/Src/stm32f4xx_hal_i2c.o
 .debug_abbrev  0x0000231b      0x333 Drivers/STM32F4xx_HAL_Driver/Src/stm32f4xx_hal_rcc.o
 .debug_abbrev  0x0000264e      0x344 Drivers/STM32F4xx_HAL_Driver/Src/stm32f4xx_hal_uart.o
 .debug_abbrev  0x00002992       0x12 startup/startup_stm32f407xx.o

.debug_aranges  0x00000000      0x948
 .debug_aranges
                0x00000000       0x18 Core/Src/fonts.o
 .debug_aranges
                0x00000018       0x20 Core/Src/gpio.o
 .debug_aranges
                0x00000038       0x30 Core/Src/i2c.o
 .debug_aranges
                0x00000068       0x38 Core/Src/main.o
 .debug_aranges
                0x000000a0       0x58 Core/Src/oled.o
 .debug_aranges
                0x000000f8       0x20 Core/Src/stm32f4xx_hal_msp.o
 .debug_aranges
                0x00000118       0x60 Core/Src/stm32f4xx_it.o
 .debug_aranges
                0x00000178       0xb0 Core/Src/syscalls.o
 .debug_aranges
                0x00000228       0x28 Core/Src/system_stm32f4xx.o
 .debug_aranges
                0x00000250       0x30 Core/Src/usart.o
 .debug_aranges
                0x00000280       0xe0 Drivers/STM32F4xx_HAL_Driver/Src/stm32f4xx_hal.o
 .debug_aranges
                0x00000360       0xa8 Drivers/STM32F4xx_HAL_Driver/Src/stm32f4xx_hal_cortex.o
 .debug_aranges
                0x00000408       0x58 Drivers/STM32F4xx_HAL_Driver/Src/stm32f4xx_hal_gpio.o
 .debug_aranges
                0x00000460      0x268 Drivers/STM32F4xx_HAL_Driver/Src/stm32f4xx_hal_i2c.o
 .debug_aranges
                0x000006c8       0x88 Drivers/STM32F4xx_HAL_Driver/Src/stm32f4xx_hal_rcc.o
 .debug_aranges
                0x00000750      0x1d0 Drivers/STM32F4xx_HAL_Driver/Src/stm32f4xx_hal_uart.o
 .debug_aranges
                0x00000920       0x28 startup/startup_stm32f407xx.o

.debug_macro    0x00000000    0x2211f
 .debug_macro   0x00000000      0x322 Core/Src/fonts.o
 .debug_macro   0x00000322      0xa60 Core/Src/fonts.o
 .debug_macro   0x00000d82      0x186 Core/Src/fonts.o
 .debug_macro   0x00000f08       0x32 Core/Src/fonts.o
 .debug_macro   0x00000f3a       0x2f Core/Src/fonts.o
 .debug_macro   0x00000f69       0x22 Core/Src/fonts.o
 .debug_macro   0x00000f8b       0x8e Core/Src/fonts.o
 .debug_macro   0x00001019       0x51 Core/Src/fonts.o
 .debug_macro   0x0000106a       0xef Core/Src/fonts.o
 .debug_macro   0x00001159       0x6a Core/Src/fonts.o
 .debug_macro   0x000011c3      0x1df Core/Src/fonts.o
 .debug_macro   0x000013a2       0x35 Core/Src/fonts.o
 .debug_macro   0x000013d7       0x50 Core/Src/fonts.o
 .debug_macro   0x00001427      0xe66 Core/Src/fonts.o
 .debug_macro   0x0000228d    0x15d08 Core/Src/fonts.o
 .debug_macro   0x00017f95       0x43 Core/Src/fonts.o
 .debug_macro   0x00017fd8     0x3535 Core/Src/fonts.o
 .debug_macro   0x0001b50d       0x5e Core/Src/fonts.o
 .debug_macro   0x0001b56b       0x18 Core/Src/fonts.o
 .debug_macro   0x0001b583       0x35 Core/Src/fonts.o
 .debug_macro   0x0001b5b8       0x34 Core/Src/fonts.o
 .debug_macro   0x0001b5ec       0x16 Core/Src/fonts.o
 .debug_macro   0x0001b602       0x97 Core/Src/fonts.o
 .debug_macro   0x0001b699      0x330 Core/Src/fonts.o
 .debug_macro   0x0001b9c9       0xfd Core/Src/fonts.o
 .debug_macro   0x0001bac6       0x10 Core/Src/fonts.o
 .debug_macro   0x0001bad6       0x58 Core/Src/fonts.o
 .debug_macro   0x0001bb2e       0x1f Core/Src/fonts.o
 .debug_macro   0x0001bb4d       0x43 Core/Src/fonts.o
 .debug_macro   0x0001bb90       0x20 Core/Src/fonts.o
 .debug_macro   0x0001bbb0      0x18e Core/Src/fonts.o
 .debug_macro   0x0001bd3e       0x10 Core/Src/fonts.o
 .debug_macro   0x0001bd4e       0x1c Core/Src/fonts.o
 .debug_macro   0x0001bd6a       0x52 Core/Src/fonts.o
 .debug_macro   0x0001bdbc       0x40 Core/Src/fonts.o
 .debug_macro   0x0001bdfc       0x10 Core/Src/fonts.o
 .debug_macro   0x0001be0c       0x40 Core/Src/fonts.o
 .debug_macro   0x0001be4c       0xd7 Core/Src/fonts.o
 .debug_macro   0x0001bf23       0x1c Core/Src/fonts.o
 .debug_macro   0x0001bf3f       0x3d Core/Src/fonts.o
 .debug_macro   0x0001bf7c       0x16 Core/Src/fonts.o
 .debug_macro   0x0001bf92      0x16f Core/Src/fonts.o
 .debug_macro   0x0001c101       0x50 Core/Src/fonts.o
 .debug_macro   0x0001c151      0x96b Core/Src/fonts.o
 .debug_macro   0x0001cabc      0xa02 Core/Src/fonts.o
 .debug_macro   0x0001d4be      0x11e Core/Src/fonts.o
 .debug_macro   0x0001d5dc      0x13e Core/Src/fonts.o
 .debug_macro   0x0001d71a       0x27 Core/Src/fonts.o
 .debug_macro   0x0001d741      0x287 Core/Src/fonts.o
 .debug_macro   0x0001d9c8       0x5f Core/Src/fonts.o
 .debug_macro   0x0001da27      0x23a Core/Src/fonts.o
 .debug_macro   0x0001dc61      0x133 Core/Src/fonts.o
 .debug_macro   0x0001dd94      0x21e Core/Src/fonts.o
 .debug_macro   0x0001dfb2       0x2e Core/Src/fonts.o
 .debug_macro   0x0001dfe0      0x1a7 Core/Src/fonts.o
 .debug_macro   0x0001e187       0xa5 Core/Src/fonts.o
 .debug_macro   0x0001e22c      0x11e Core/Src/fonts.o
 .debug_macro   0x0001e34a       0x7f Core/Src/fonts.o
 .debug_macro   0x0001e3c9       0x89 Core/Src/fonts.o
 .debug_macro   0x0001e452      0x287 Core/Src/fonts.o
 .debug_macro   0x0001e6d9      0x134 Core/Src/fonts.o
 .debug_macro   0x0001e80d      0x32c Core/Src/gpio.o
 .debug_macro   0x0001eb39      0x32c Core/Src/i2c.o
 .debug_macro   0x0001ee65      0x385 Core/Src/main.o
 .debug_macro   0x0001f1ea       0x58 Core/Src/main.o
 .debug_macro   0x0001f242       0x94 Core/Src/main.o
 .debug_macro   0x0001f2d6       0x57 Core/Src/main.o
 .debug_macro   0x0001f32d       0x16 Core/Src/main.o
 .debug_macro   0x0001f343       0x35 Core/Src/main.o
 .debug_macro   0x0001f378       0x16 Core/Src/main.o
 .debug_macro   0x0001f38e       0x29 Core/Src/main.o
 .debug_macro   0x0001f3b7       0x22 Core/Src/main.o
 .debug_macro   0x0001f3d9      0x33f Core/Src/oled.o
 .debug_macro   0x0001f718      0x322 Core/Src/stm32f4xx_hal_msp.o
 .debug_macro   0x0001fa3a      0x32c Core/Src/stm32f4xx_it.o
 .debug_macro   0x0001fd66      0x243 Core/Src/syscalls.o
 .debug_macro   0x0001ffa9      0x174 Core/Src/syscalls.o
 .debug_macro   0x0002011d       0x10 Core/Src/syscalls.o
 .debug_macro   0x0002012d       0x10 Core/Src/syscalls.o
 .debug_macro   0x0002013d       0x10 Core/Src/syscalls.o
 .debug_macro   0x0002014d       0x35 Core/Src/syscalls.o
 .debug_macro   0x00020182      0x122 Core/Src/syscalls.o
 .debug_macro   0x000202a4       0x10 Core/Src/syscalls.o
 .debug_macro   0x000202b4      0x241 Core/Src/syscalls.o
 .debug_macro   0x000204f5       0x1c Core/Src/syscalls.o
 .debug_macro   0x00020511       0x10 Core/Src/syscalls.o
 .debug_macro   0x00020521      0x189 Core/Src/syscalls.o
 .debug_macro   0x000206aa       0x16 Core/Src/syscalls.o
 .debug_macro   0x000206c0       0x88 Core/Src/syscalls.o
 .debug_macro   0x00020748      0x31e Core/Src/system_stm32f4xx.o
 .debug_macro   0x00020a66      0x32c Core/Src/usart.o
 .debug_macro   0x00020d92      0x378 Drivers/STM32F4xx_HAL_Driver/Src/stm32f4xx_hal.o
 .debug_macro   0x0002110a      0x318 Drivers/STM32F4xx_HAL_Driver/Src/stm32f4xx_hal_cortex.o
 .debug_macro   0x00021422      0x350 Drivers/STM32F4xx_HAL_Driver/Src/stm32f4xx_hal_gpio.o
 .debug_macro   0x00021772      0x358 Drivers/STM32F4xx_HAL_Driver/Src/stm32f4xx_hal_i2c.o
 .debug_macro   0x00021aca      0x33c Drivers/STM32F4xx_HAL_Driver/Src/stm32f4xx_hal_rcc.o
 .debug_macro   0x00021e06      0x319 Drivers/STM32F4xx_HAL_Driver/Src/stm32f4xx_hal_uart.o

.debug_line     0x00000000     0xa199
 .debug_line    0x00000000      0x7b9 Core/Src/fonts.o
 .debug_line    0x000007b9      0x7d8 Core/Src/gpio.o
 .debug_line    0x00000f91      0x814 Core/Src/i2c.o
 .debug_line    0x000017a5      0x8ba Core/Src/main.o
 .debug_line    0x0000205f      0x904 Core/Src/oled.o
 .debug_line    0x00002963      0x7d7 Core/Src/stm32f4xx_hal_msp.o
 .debug_line    0x0000313a      0x867 Core/Src/stm32f4xx_it.o
 .debug_line    0x000039a1      0x5d6 Core/Src/syscalls.o
 .debug_line    0x00003f77      0x7fe Core/Src/system_stm32f4xx.o
 .debug_line    0x00004775      0x817 Core/Src/usart.o
 .debug_line    0x00004f8c      0x9b2 Drivers/STM32F4xx_HAL_Driver/Src/stm32f4xx_hal.o
 .debug_line    0x0000593e      0xa0d Drivers/STM32F4xx_HAL_Driver/Src/stm32f4xx_hal_cortex.o
 .debug_line    0x0000634b      0x955 Drivers/STM32F4xx_HAL_Driver/Src/stm32f4xx_hal_gpio.o
 .debug_line    0x00006ca0     0x1956 Drivers/STM32F4xx_HAL_Driver/Src/stm32f4xx_hal_i2c.o
 .debug_line    0x000085f6      0xa47 Drivers/STM32F4xx_HAL_Driver/Src/stm32f4xx_hal_rcc.o
 .debug_line    0x0000903d     0x10dd Drivers/STM32F4xx_HAL_Driver/Src/stm32f4xx_hal_uart.o
 .debug_line    0x0000a11a       0x7f startup/startup_stm32f407xx.o

.debug_str      0x00000000    0xbfda9
 .debug_str     0x00000000    0xbbbd1 Core/Src/fonts.o
                              0xbbeca (size before relaxing)
 .debug_str     0x000bbbd1      0x1a2 Core/Src/gpio.o
                              0xbc002 (size before relaxing)
 .debug_str     0x000bbd73      0x517 Core/Src/i2c.o
                              0xbc549 (size before relaxing)
 .debug_str     0x000bc28a      0x55c Core/Src/main.o
                              0xbca46 (size before relaxing)
 .debug_str     0x000bc7e6       0xb7 Core/Src/oled.o
                              0xbc4d6 (size before relaxing)
 .debug_str     0x000bc89d       0x2c Core/Src/stm32f4xx_hal_msp.o
                              0xbbf75 (size before relaxing)
 .debug_str     0x000bc8c9       0xc9 Core/Src/stm32f4xx_it.o
                              0xbbf0f (size before relaxing)
 .debug_str     0x000bc992     0x113c Core/Src/syscalls.o
                               0x85bf (size before relaxing)
 .debug_str     0x000bdace       0xc4 Core/Src/system_stm32f4xx.o
                              0xbbffc (size before relaxing)
 .debug_str     0x000bdb92       0x51 Core/Src/usart.o
                              0xbc475 (size before relaxing)
 .debug_str     0x000bdbe3      0xad7 Drivers/STM32F4xx_HAL_Driver/Src/stm32f4xx_hal.o
                              0xbcb66 (size before relaxing)
 .debug_str     0x000be6ba      0x35a Drivers/STM32F4xx_HAL_Driver/Src/stm32f4xx_hal_cortex.o
                              0xbc8a8 (size before relaxing)
 .debug_str     0x000bea14      0x20a Drivers/STM32F4xx_HAL_Driver/Src/stm32f4xx_hal_gpio.o
                              0xbc23b (size before relaxing)
 .debug_str     0x000bec1e      0xa69 Drivers/STM32F4xx_HAL_Driver/Src/stm32f4xx_hal_i2c.o
                              0xbce41 (size before relaxing)
 .debug_str     0x000bf687      0x1f6 Drivers/STM32F4xx_HAL_Driver/Src/stm32f4xx_hal_rcc.o
                              0xbc405 (size before relaxing)
 .debug_str     0x000bf87d      0x4fd Drivers/STM32F4xx_HAL_Driver/Src/stm32f4xx_hal_uart.o
                              0xbc880 (size before relaxing)
 .debug_str     0x000bfd7a       0x2f startup/startup_stm32f407xx.o
                                 0x62 (size before relaxing)

.comment        0x00000000       0x7f
 .comment       0x00000000       0x7f Core/Src/fonts.o
                                 0x80 (size before relaxing)
 .comment       0x0000007f       0x80 Core/Src/gpio.o
 .comment       0x0000007f       0x80 Core/Src/i2c.o
 .comment       0x0000007f       0x80 Core/Src/main.o
 .comment       0x0000007f       0x80 Core/Src/oled.o
 .comment       0x0000007f       0x80 Core/Src/stm32f4xx_hal_msp.o
 .comment       0x0000007f       0x80 Core/Src/stm32f4xx_it.o
 .comment       0x0000007f       0x80 Core/Src/syscalls.o
 .comment       0x0000007f       0x80 Core/Src/system_stm32f4xx.o
 .comment       0x0000007f       0x80 Core/Src/usart.o
 .comment       0x0000007f       0x80 Drivers/STM32F4xx_HAL_Driver/Src/stm32f4xx_hal.o
 .comment       0x0000007f       0x80 Drivers/STM32F4xx_HAL_Driver/Src/stm32f4xx_hal_cortex.o
 .comment       0x0000007f       0x80 Drivers/STM32F4xx_HAL_Driver/Src/stm32f4xx_hal_gpio.o
 .comment       0x0000007f       0x80 Drivers/STM32F4xx_HAL_Driver/Src/stm32f4xx_hal_i2c.o
 .comment       0x0000007f       0x80 Drivers/STM32F4xx_HAL_Driver/Src/stm32f4xx_hal_rcc.o
 .comment       0x0000007f       0x80 Drivers/STM32F4xx_HAL_Driver/Src/stm32f4xx_hal_uart.o

.debug_ranges   0x00000000      0x8b0
 .debug_ranges  0x00000000       0x10 Core/Src/gpio.o
 .debug_ranges  0x00000010       0x20 Core/Src/i2c.o
 .debug_ranges  0x00000030       0x28 Core/Src/main.o
 .debug_ranges  0x00000058       0x48 Core/Src/oled.o
 .debug_ranges  0x000000a0       0x10 Core/Src/stm32f4xx_hal_msp.o
 .debug_ranges  0x000000b0       0x50 Core/Src/stm32f4xx_it.o
 .debug_ranges  0x00000100       0xa0 Core/Src/syscalls.o
 .debug_ranges  0x000001a0       0x18 Core/Src/system_stm32f4xx.o
 .debug_ranges  0x000001b8       0x20 Core/Src/usart.o
 .debug_ranges  0x000001d8       0xd0 Drivers/STM32F4xx_HAL_Driver/Src/stm32f4xx_hal.o
 .debug_ranges  0x000002a8       0xf8 Drivers/STM32F4xx_HAL_Driver/Src/stm32f4xx_hal_cortex.o
 .debug_ranges  0x000003a0       0x48 Drivers/STM32F4xx_HAL_Driver/Src/stm32f4xx_hal_gpio.o
 .debug_ranges  0x000003e8      0x258 Drivers/STM32F4xx_HAL_Driver/Src/stm32f4xx_hal_i2c.o
 .debug_ranges  0x00000640       0x90 Drivers/STM32F4xx_HAL_Driver/Src/stm32f4xx_hal_rcc.o
 .debug_ranges  0x000006d0      0x1c0 Drivers/STM32F4xx_HAL_Driver/Src/stm32f4xx_hal_uart.o
 .debug_ranges  0x00000890       0x20 startup/startup_stm32f407xx.o

.debug_frame    0x00000000     0x1d6c
 .debug_frame   0x00000000       0x2c Core/Src/gpio.o
 .debug_frame   0x0000002c       0x64 Core/Src/i2c.o
 .debug_frame   0x00000090       0x7c Core/Src/main.o
 .debug_frame   0x0000010c       0xe8 Core/Src/oled.o
 .debug_frame   0x000001f4       0x28 Core/Src/stm32f4xx_hal_msp.o
 .debug_frame   0x0000021c       0xa8 Core/Src/stm32f4xx_it.o
 .debug_frame   0x000002c4      0x1a8 Core/Src/syscalls.o
 .debug_frame   0x0000046c       0x30 Core/Src/system_stm32f4xx.o
 .debug_frame   0x0000049c       0x60 Core/Src/usart.o
 .debug_frame   0x000004fc      0x1cc Drivers/STM32F4xx_HAL_Driver/Src/stm32f4xx_hal.o
 .debug_frame   0x000006c8      0x15c Drivers/STM32F4xx_HAL_Driver/Src/stm32f4xx_hal_cortex.o
 .debug_frame   0x00000824       0xd8 Drivers/STM32F4xx_HAL_Driver/Src/stm32f4xx_hal_gpio.o
 .debug_frame   0x000008fc      0x86c Drivers/STM32F4xx_HAL_Driver/Src/stm32f4xx_hal_i2c.o
 .debug_frame   0x00001168      0x184 Drivers/STM32F4xx_HAL_Driver/Src/stm32f4xx_hal_rcc.o
 .debug_frame   0x000012ec      0x4f0 Drivers/STM32F4xx_HAL_Driver/Src/stm32f4xx_hal_uart.o
 .debug_frame   0x000017dc       0x2c c:/ac6/systemworkbench/plugins/fr.ac6.mcu.externaltools.arm-none.win32_1.17.0.201812190825/tools/compiler/bin/../lib/gcc/arm-none-eabi/7.3.1/thumb/v7e-m/fpv4-sp/hard\libgcc.a(_aeabi_uldivmod.o)
 .debug_frame   0x00001808       0x34 c:/ac6/systemworkbench/plugins/fr.ac6.mcu.externaltools.arm-none.win32_1.17.0.201812190825/tools/compiler/bin/../lib/gcc/arm-none-eabi/7.3.1/thumb/v7e-m/fpv4-sp/hard\libgcc.a(_udivmoddi4.o)
 .debug_frame   0x0000183c       0x30 c:/ac6/systemworkbench/plugins/fr.ac6.mcu.externaltools.arm-none.win32_1.17.0.201812190825/tools/compiler/bin/../lib/gcc/arm-none-eabi/7.3.1/../../../../arm-none-eabi/lib/thumb/v7e-m/fpv4-sp/hard\libc_nano.a(lib_a-atoi.o)
 .debug_frame   0x0000186c       0x20 c:/ac6/systemworkbench/plugins/fr.ac6.mcu.externaltools.arm-none.win32_1.17.0.201812190825/tools/compiler/bin/../lib/gcc/arm-none-eabi/7.3.1/../../../../arm-none-eabi/lib/thumb/v7e-m/fpv4-sp/hard\libc_nano.a(lib_a-errno.o)
 .debug_frame   0x0000188c       0x2c c:/ac6/systemworkbench/plugins/fr.ac6.mcu.externaltools.arm-none.win32_1.17.0.201812190825/tools/compiler/bin/../lib/gcc/arm-none-eabi/7.3.1/../../../../arm-none-eabi/lib/thumb/v7e-m/fpv4-sp/hard\libc_nano.a(lib_a-init.o)
 .debug_frame   0x000018b8       0x20 c:/ac6/systemworkbench/plugins/fr.ac6.mcu.externaltools.arm-none.win32_1.17.0.201812190825/tools/compiler/bin/../lib/gcc/arm-none-eabi/7.3.1/../../../../arm-none-eabi/lib/thumb/v7e-m/fpv4-sp/hard\libc_nano.a(lib_a-memset.o)
 .debug_frame   0x000018d8       0x6c c:/ac6/systemworkbench/plugins/fr.ac6.mcu.externaltools.arm-none.win32_1.17.0.201812190825/tools/compiler/bin/../lib/gcc/arm-none-eabi/7.3.1/../../../../arm-none-eabi/lib/thumb/v7e-m/fpv4-sp/hard\libc_nano.a(lib_a-sprintf.o)
 .debug_frame   0x00001944       0x84 c:/ac6/systemworkbench/plugins/fr.ac6.mcu.externaltools.arm-none.win32_1.17.0.201812190825/tools/compiler/bin/../lib/gcc/arm-none-eabi/7.3.1/../../../../arm-none-eabi/lib/thumb/v7e-m/fpv4-sp/hard\libc_nano.a(lib_a-strtol.o)
 .debug_frame   0x000019c8       0x68 c:/ac6/systemworkbench/plugins/fr.ac6.mcu.externaltools.arm-none.win32_1.17.0.201812190825/tools/compiler/bin/../lib/gcc/arm-none-eabi/7.3.1/../../../../arm-none-eabi/lib/thumb/v7e-m/fpv4-sp/hard\libc_nano.a(lib_a-locale.o)
 .debug_frame   0x00001a30       0x48 c:/ac6/systemworkbench/plugins/fr.ac6.mcu.externaltools.arm-none.win32_1.17.0.201812190825/tools/compiler/bin/../lib/gcc/arm-none-eabi/7.3.1/../../../../arm-none-eabi/lib/thumb/v7e-m/fpv4-sp/hard\libc_nano.a(lib_a-mbtowc_r.o)
 .debug_frame   0x00001a78       0x90 c:/ac6/systemworkbench/plugins/fr.ac6.mcu.externaltools.arm-none.win32_1.17.0.201812190825/tools/compiler/bin/../lib/gcc/arm-none-eabi/7.3.1/../../../../arm-none-eabi/lib/thumb/v7e-m/fpv4-sp/hard\libc_nano.a(lib_a-nano-svfprintf.o)
 .debug_frame   0x00001b08       0x60 c:/ac6/systemworkbench/plugins/fr.ac6.mcu.externaltools.arm-none.win32_1.17.0.201812190825/tools/compiler/bin/../lib/gcc/arm-none-eabi/7.3.1/../../../../arm-none-eabi/lib/thumb/v7e-m/fpv4-sp/hard\libc_nano.a(lib_a-nano-vfprintf_i.o)
 .debug_frame   0x00001b68       0x3c c:/ac6/systemworkbench/plugins/fr.ac6.mcu.externaltools.arm-none.win32_1.17.0.201812190825/tools/compiler/bin/../lib/gcc/arm-none-eabi/7.3.1/../../../../arm-none-eabi/lib/thumb/v7e-m/fpv4-sp/hard\libc_nano.a(lib_a-wctomb_r.o)
 .debug_frame   0x00001ba4       0x28 c:/ac6/systemworkbench/plugins/fr.ac6.mcu.externaltools.arm-none.win32_1.17.0.201812190825/tools/compiler/bin/../lib/gcc/arm-none-eabi/7.3.1/../../../../arm-none-eabi/lib/thumb/v7e-m/fpv4-sp/hard\libc_nano.a(lib_a-memcpy-stub.o)
 .debug_frame   0x00001bcc       0x28 c:/ac6/systemworkbench/plugins/fr.ac6.mcu.externaltools.arm-none.win32_1.17.0.201812190825/tools/compiler/bin/../lib/gcc/arm-none-eabi/7.3.1/../../../../arm-none-eabi/lib/thumb/v7e-m/fpv4-sp/hard\libc_nano.a(lib_a-memmove.o)
 .debug_frame   0x00001bf4       0x38 c:/ac6/systemworkbench/plugins/fr.ac6.mcu.externaltools.arm-none.win32_1.17.0.201812190825/tools/compiler/bin/../lib/gcc/arm-none-eabi/7.3.1/../../../../arm-none-eabi/lib/thumb/v7e-m/fpv4-sp/hard\libc_nano.a(lib_a-nano-freer.o)
 .debug_frame   0x00001c2c       0x2c c:/ac6/systemworkbench/plugins/fr.ac6.mcu.externaltools.arm-none.win32_1.17.0.201812190825/tools/compiler/bin/../lib/gcc/arm-none-eabi/7.3.1/../../../../arm-none-eabi/lib/thumb/v7e-m/fpv4-sp/hard\libc_nano.a(lib_a-nano-mallocr.o)
 .debug_frame   0x00001c58       0x3c c:/ac6/systemworkbench/plugins/fr.ac6.mcu.externaltools.arm-none.win32_1.17.0.201812190825/tools/compiler/bin/../lib/gcc/arm-none-eabi/7.3.1/../../../../arm-none-eabi/lib/thumb/v7e-m/fpv4-sp/hard\libc_nano.a(lib_a-nano-reallocr.o)
 .debug_frame   0x00001c94       0x2c c:/ac6/systemworkbench/plugins/fr.ac6.mcu.externaltools.arm-none.win32_1.17.0.201812190825/tools/compiler/bin/../lib/gcc/arm-none-eabi/7.3.1/../../../../arm-none-eabi/lib/thumb/v7e-m/fpv4-sp/hard\libc_nano.a(lib_a-sbrkr.o)
 .debug_frame   0x00001cc0       0x30 c:/ac6/systemworkbench/plugins/fr.ac6.mcu.externaltools.arm-none.win32_1.17.0.201812190825/tools/compiler/bin/../lib/gcc/arm-none-eabi/7.3.1/../../../../arm-none-eabi/lib/thumb/v7e-m/fpv4-sp/hard\libc_nano.a(lib_a-mlock.o)
 .debug_frame   0x00001cf0       0x20 c:/ac6/systemworkbench/plugins/fr.ac6.mcu.externaltools.arm-none.win32_1.17.0.201812190825/tools/compiler/bin/../lib/gcc/arm-none-eabi/7.3.1/../../../../arm-none-eabi/lib/thumb/v7e-m/fpv4-sp/hard\libc_nano.a(lib_a-nano-msizer.o)
 .debug_frame   0x00001d10       0x5c c:/ac6/systemworkbench/plugins/fr.ac6.mcu.externaltools.arm-none.win32_1.17.0.201812190825/tools/compiler/bin/../lib/gcc/arm-none-eabi/7.3.1/../../../../arm-none-eabi/lib/thumb/v7e-m/fpv4-sp/hard\libc_nano.a(lib_a-reent.o)

.debug_loc      0x00000000     0x5e6a
 .debug_loc     0x00000000       0x74 Core/Src/i2c.o
 .debug_loc     0x00000074       0x65 Core/Src/main.o
 .debug_loc     0x000000d9      0x23b Core/Src/oled.o
 .debug_loc     0x00000314      0x3af Core/Src/syscalls.o
 .debug_loc     0x000006c3      0x13e Core/Src/system_stm32f4xx.o
 .debug_loc     0x00000801       0x74 Core/Src/usart.o
 .debug_loc     0x00000875       0xfd Drivers/STM32F4xx_HAL_Driver/Src/stm32f4xx_hal.o
 .debug_loc     0x00000972      0x5ce Drivers/STM32F4xx_HAL_Driver/Src/stm32f4xx_hal_cortex.o
 .debug_loc     0x00000f40      0x469 Drivers/STM32F4xx_HAL_Driver/Src/stm32f4xx_hal_gpio.o
 .debug_loc     0x000013a9     0x3145 Drivers/STM32F4xx_HAL_Driver/Src/stm32f4xx_hal_i2c.o
 .debug_loc     0x000044ee      0x3f1 Drivers/STM32F4xx_HAL_Driver/Src/stm32f4xx_hal_rcc.o
 .debug_loc     0x000048df     0x158b Drivers/STM32F4xx_HAL_Driver/Src/stm32f4xx_hal_uart.o
